// Jest Snapshot v1, https://goo.gl/fbAQLP

exports[`Budget renders a snapshot properly 1`] = `
<div>
  <h1>
    Budget
  </h1>
  <hr />
  <br />
  <p>
    Budget goes here.
  </p>
</div>
`;
