// Jest Snapshot v1, https://goo.gl/fbAQLP

exports[`Calendar renders a snapshot properly 1`] = `
<div>
  <h1>
    Calendar
  </h1>
  <hr />
  <br />
  <p>
    Calendar goes here.
  </p>
</div>
`;
