// Jest Snapshot v1, https://goo.gl/fbAQLP

exports[`Expenses renders a snapshot properly 1`] = `
<div>
  <h1>
    Expenses
  </h1>
  <hr />
  <br />
  <p>
    Expenses goes here.
  </p>
</div>
`;
