// Jest Snapshot v1, https://goo.gl/fbAQLP

exports[`UsersList renders a snapshot properly 1`] = `
<div>
  <h4
    className="card card-body bg-light"
  >
    michael
  </h4>
  <h4
    className="card card-body bg-light"
  >
    michaelherman
  </h4>
</div>
`;
